Using endpoint : http://localhost:9090/axis2/services/math

Invoking operation dev with params 100 and 11

Result = (null)
