Using endpoint : http://localhost:9090/axis2/services/math

Invoking operation sub with params 10 and 111

Result = -101
