Using endpoint : http://localhost:9090/axis2/services/math

Invoking operation mul with params 10 and 1.11

Result = 10
