Using endpoint : http://localhost:9090/axis2/services/echo

Invoking operation add with params 10 and 111

Result = (null)
